// Jest Snapshot v1, https://goo.gl/fbAQLP

exports[`Shallow renderen the table with seletcted locations should render table with locations 1`] = `"<div><div class=\\"table-responsive-sm\\"><table class=\\"table-margin-top table table-striped table-bordered\\"><thead><tr><th>No</th><th>Place</th><th>Unit</th><th>Cost</th><th>Action</th></tr></thead><tbody><tr><td>1</td><td>Asoke</td><td><input type=\\"number\\" placeholder=\\"quantity\\" class=\\"text-align-right mobile-device-input form-control\\" value=\\"1000\\"/></td><td class=\\"text-align-right\\">1010</td><td><button type=\\"button\\" class=\\"btn-remove btn btn-primary\\">Remove</button></td></tr><tr><td>2</td><td>Nana</td><td><input type=\\"number\\" placeholder=\\"quantity\\" class=\\"text-align-right mobile-device-input form-control\\" value=\\"1500\\"/></td><td class=\\"text-align-right\\">965</td><td><button type=\\"button\\" class=\\"btn-remove btn btn-primary\\">Remove</button></td></tr><tr><td>3</td><td>Chidlom</td><td><input type=\\"number\\" placeholder=\\"quantity\\" class=\\"text-align-right mobile-device-input form-control\\" value=\\"2000\\"/></td><td class=\\"text-align-right\\">1220</td><td><button type=\\"button\\" class=\\"btn-remove btn btn-primary\\">Remove</button></td></tr></tbody></table></div></div>"`;
