// Jest Snapshot v1, https://goo.gl/fbAQLP

exports[`Shallow rendered date  should render date picker 1`] = `"<div class=\\"row\\"><div class=\\"col-lg-2 col-12\\"><span>Date: </span></div><div class=\\"form-group col-lg-3 col-12\\"><div class=\\"react-datepicker-wrapper\\"><div class=\\"react-datepicker__input-container\\"><input type=\\"text\\" value=\\"05-07-2020\\" placeholder=\\"date selection\\" class=\\"custom-date-picker\\"/></div></div></div></div>"`;
